[INFO] building launcher-driver
[INFO] sourcing build environment
SDK environment now set up; additionally you may now run devtool to perform development tasks.
Run devtool --help for further details.
INFO: sourcing build tools

### Shell environment set up for builds. ###

You can now run 'bitbake <target>'

Common targets are:
    core-image-minimal
    core-image-sato
    meta-toolchain
    meta-ide-support

You can also run generated qemu images with a command like 'runqemu qemux86'.

Other commonly useful commands are:
 - 'devtool' and 'recipetool' handle common recipe tasks
 - 'bitbake-layers' handles common layer tasks
 - 'oe-pkgdata-util' handles common target package tasks
[INFO] generating user layers
[INFO] generating workspace directory
NOTE: Starting bitbake server...
INFO: Specified workspace already set up, leaving as-is
WARNING: Host distribution "rhel-8.10" has not been validated with this version of the build system; you may possibly experience unexpected failures. It is recommended that you use a tested distribution.
NOTE: Resolving any missing task queue dependencies
Sstate summary: Wanted 135 Found 26 Missed 109 Current 792 (19% match, 88% complete)
NOTE: Executing Tasks
NOTE: Running setscene task 800 of 929 (/tmp/cpre488-mp3/avnet-digilent-zedboard-2020.1/components/yocto/layers/core/meta/recipes-core/base-files/base-files_3.0.14.bb:do_package_write_rpm_setscene)
NOTE: Running setscene task 818 of 929 (/tmp/cpre488-mp3/avnet-digilent-zedboard-2020.1/components/yocto/layers/core/meta/recipes-core/packagegroups/packagegroup-core-boot.bb:do_package_write_rpm_setscene)
NOTE: Running setscene task 822 of 929 (/tmp/cpre488-mp3/avnet-digilent-zedboard-2020.1/components/yocto/layers/core/meta/recipes-core/sysvinit/sysvinit-inittab_2.88dsf.bb:do_package_write_rpm_setscene)
NOTE: Running setscene task 825 of 929 (/tmp/cpre488-mp3/avnet-digilent-zedboard-2020.1/components/yocto/layers/core/meta/recipes-core/udev/udev-extraconf_1.1.bb:do_package_write_rpm_setscene)
NOTE: recipe base-files-3.0.14-r89: task do_package_write_rpm_setscene: Started
NOTE: recipe udev-extraconf-1.1-r0: task do_package_write_rpm_setscene: Started
NOTE: recipe sysvinit-inittab-2.88dsf-r10: task do_package_write_rpm_setscene: Started
NOTE: recipe packagegroup-core-boot-1.0-r17: task do_package_write_rpm_setscene: Started
NOTE: recipe udev-extraconf-1.1-r0: task do_package_write_rpm_setscene: Succeeded
NOTE: recipe base-files-3.0.14-r89: task do_package_write_rpm_setscene: Succeeded
NOTE: recipe packagegroup-core-boot-1.0-r17: task do_package_write_rpm_setscene: Succeeded
NOTE: recipe sysvinit-inittab-2.88dsf-r10: task do_package_write_rpm_setscene: Succeeded
NOTE: Running setscene task 867 of 929 (/tmp/cpre488-mp3/avnet-digilent-zedboard-2020.1/components/yocto/layers/core/meta/recipes-extended/shadow/shadow-securetty_4.6.bb:do_package_write_rpm_setscene)
NOTE: Running setscene task 916 of 929 (/tmp/cpre488-mp3/avnet-digilent-zedboard-2020.1/components/yocto/layers/meta-xilinx-tools/recipes-bsp/fpga-manager-script/fpga-manager-script_1.0.bb:do_package_write_rpm_setscene)
NOTE: Running setscene task 917 of 929 (/tmp/cpre488-mp3/avnet-digilent-zedboard-2020.1/components/yocto/layers/meta-xilinx-tools/recipes-bsp/fsbl/fsbl_git.bb:do_package_write_rpm_setscene)
NOTE: Running setscene task 918 of 929 (/tmp/cpre488-mp3/avnet-digilent-zedboard-2020.1/components/yocto/layers/meta-xilinx-tools/recipes-bsp/hdf/external-hdf.bb:do_package_write_rpm_setscene)
NOTE: recipe shadow-securetty-4.6-r3: task do_package_write_rpm_setscene: Started
NOTE: recipe fpga-manager-script-1.0-r0: task do_package_write_rpm_setscene: Started
NOTE: recipe external-hdf-1.0-r0: task do_package_write_rpm_setscene: Started
NOTE: recipe fsbl-2020.1+gitAUTOINC+6cbb920f4d-r0: task do_package_write_rpm_setscene: Started
NOTE: recipe shadow-securetty-4.6-r3: task do_package_write_rpm_setscene: Succeeded
NOTE: Running setscene task 920 of 929 (/tmp/cpre488-mp3/avnet-digilent-zedboard-2020.1/components/yocto/layers/meta-xilinx/meta-xilinx-bsp/recipes-bsp/device-tree/device-tree.bb:do_package_write_rpm_setscene)
NOTE: recipe fsbl-2020.1+gitAUTOINC+6cbb920f4d-r0: task do_package_write_rpm_setscene: Succeeded
NOTE: recipe external-hdf-1.0-r0: task do_package_write_rpm_setscene: Succeeded
NOTE: Running setscene task 922 of 929 (/tmp/cpre488-mp3/avnet-digilent-zedboard-2020.1/components/yocto/layers/meta-xilinx/meta-xilinx-bsp/recipes-bsp/u-boot/u-boot-xlnx_2020.1.bb:do_package_write_rpm_setscene)
NOTE: Running setscene task 924 of 929 (/tmp/cpre488-mp3/avnet-digilent-zedboard-2020.1/components/yocto/layers/meta-xilinx/meta-xilinx-bsp/recipes-bsp/u-boot/u-boot-zynq-uenv.bb:do_package_write_rpm_setscene)
NOTE: recipe fpga-manager-script-1.0-r0: task do_package_write_rpm_setscene: Succeeded
NOTE: recipe device-tree-xilinx-v2020.1+gitAUTOINC+bc84458333-r0: task do_package_write_rpm_setscene: Started
NOTE: recipe u-boot-xlnx-v2020.01-xilinx-v2020.1+gitAUTOINC+86c84c0d0f-r0: task do_package_write_rpm_setscene: Started
NOTE: recipe u-boot-zynq-uenv-1.0-r0: task do_package_write_rpm_setscene: Started
NOTE: recipe device-tree-xilinx-v2020.1+gitAUTOINC+bc84458333-r0: task do_package_write_rpm_setscene: Succeeded
NOTE: recipe u-boot-xlnx-v2020.01-xilinx-v2020.1+gitAUTOINC+86c84c0d0f-r0: task do_package_write_rpm_setscene: Succeeded
NOTE: recipe u-boot-zynq-uenv-1.0-r0: task do_package_write_rpm_setscene: Succeeded
NOTE: Setscene tasks completed
NOTE: Tasks Summary: Attempted 2776 tasks of which 2776 didn't need to be rerun and all succeeded.
[INFO] successfully built launcher-driver
