[INFO] generating Kconfig for project
INFO: [Hsi 55-2053] elapsed time for repository (/remote/petalinux/tools/xsct/data/embeddedsw) loading 0 seconds
[INFO] silentconfig project
/tmp/cpre488-mp3/avnet-digilent-zedboard-2020.1/build/misc/config/Kconfig.syshw:29:warning: defaults for choice values not supported
*
* misc/config System Configuration
*
ZYNQ Configuration (SYSTEM_ZYNQ) [Y/?] y
*
* Linux Components Selection
*
First Stage Bootloader (SUBSYSTEM_COMPONENT_BOOTLOADER_AUTO_FSBL) [Y/n/?] 
  Auto update ps_init (SUBSYSTEM_COMPONENT_BOOTLOADER_AUTO_PS_INIT) [Y/n/?] 
u-boot
> 1. u-boot-xlnx (SUBSYSTEM_COMPONENT_U__BOOT_NAME_U__BOOT__XLNX)
  2. remote (SUBSYSTEM_COMPONENT_U__BOOT_NAME_REMOTE)
  3. ext-local-src (SUBSYSTEM_COMPONENT_U__BOOT_NAME_EXT__LOCAL__SRC)
choice[1-3]: linux-kernel
> 1. linux-xlnx (SUBSYSTEM_COMPONENT_LINUX__KERNEL_NAME_LINUX__XLNX)
  2. remote (SUBSYSTEM_COMPONENT_LINUX__KERNEL_NAME_REMOTE)
  3. ext-local-src (SUBSYSTEM_COMPONENT_LINUX__KERNEL_NAME_EXT__LOCAL__SRC)
choice[1-3]: *
* Auto Config Settings
*
Device tree autoconfig (SUBSYSTEM_AUTOCONFIG_DEVICE__TREE) [Y/n/?] 
Specify a manual device tree include directory (SUBSYSTEM_DEVICE_TREE_MANUAL_INCLUDE) [N/y/?] 
  Automatic device tree include directory (NO EDIT) (SUBSYSTEM_DEVICE_TREE_INCLUDE_DIR) [${STAGING_KERNEL_DIR}/include] 
kernel autoconfig (SUBSYSTEM_AUTOCONFIG_KERNEL) [N/y/?] 
u-boot autoconfig (SUBSYSTEM_AUTOCONFIG_U__BOOT) [N/y/?] 
*
* Subsystem AUTO Hardware Settings
*
Subsystem AUTO Hardware Settings (SUBSYSTEM_HARDWARE_AUTO) [Y/?] y
  System Processor
  > 1. ps7_cortexa9_0 (SUBSYSTEM_PROCESSOR_ps7_cortexa9_0_SELECT)
  choice[1]: 1
  *
  * Memory Settings
  *
  Primary Memory
  > 1. ps7_ddr_0 (SUBSYSTEM_MEMORY_PS7_DDR_0_BANKLESS_SELECT)
    2. simple (SUBSYSTEM_MEMORY_SIMPLE_SELECT)
    3. manual (SUBSYSTEM_MEMORY_MANUAL_SELECT)
  choice[1-3?]:   System memory base address (SUBSYSTEM_MEMORY_PS7_DDR_0_BANKLESS_BASEADDR) [0x0] 
  System memory size (SUBSYSTEM_MEMORY_PS7_DDR_0_BANKLESS_SIZE) [0x20000000] 
  kernel base address (SUBSYSTEM_MEMORY_PS7_DDR_0_BANKLESS_KERNEL_BASEADDR) [0x0] 
  u-boot text base address offset to memory base address (SUBSYSTEM_MEMORY_PS7_DDR_0_BANKLESS_U__BOOT_TEXTBASE_OFFSET) [0x400000] 
  *
  * Serial Settings
  *
  FSBL Serial stdin/stdout
  > 1. ps7_uart_1 (SUBSYSTEM_FSBL_SERIAL_PS7_UART_1_SELECT)
    2. manual (SUBSYSTEM_FSBL_SERIAL_MANUAL_SELECT)
  choice[1-2?]:   DTG Serial stdin/stdout
  > 1. ps7_uart_1 (SUBSYSTEM_SERIAL_PS7_UART_1_SELECT)
    2. manual (SUBSYSTEM_SERIAL_MANUAL_SELECT)
  choice[1-2?]:   System stdin/stdout baudrate for ps7_uart_1
    1. 600 (SUBSYSTEM_SERIAL_PS7_UART_1_BAUDRATE_600)
    2. 9600 (SUBSYSTEM_SERIAL_PS7_UART_1_BAUDRATE_9600)
    3. 28800 (SUBSYSTEM_SERIAL_PS7_UART_1_BAUDRATE_28800)
  > 4. 115200 (SUBSYSTEM_SERIAL_PS7_UART_1_BAUDRATE_115200)
    5. 230400 (SUBSYSTEM_SERIAL_PS7_UART_1_BAUDRATE_230400)
    6. 460800 (SUBSYSTEM_SERIAL_PS7_UART_1_BAUDRATE_460800)
    7. 921600 (SUBSYSTEM_SERIAL_PS7_UART_1_BAUDRATE_921600)
  choice[1-7]:   *
  * Ethernet Settings
  *
  Primary Ethernet
  > 1. ps7_ethernet_0 (SUBSYSTEM_ETHERNET_PS7_ETHERNET_0_SELECT)
    2. manual (SUBSYSTEM_ETHERNET_MANUAL_SELECT)
  choice[1-2?]:   Randomise MAC address (SUBSYSTEM_ETHERNET_PS7_ETHERNET_0_MAC_AUTO) [N/y/?] 
    Ethernet MAC address (SUBSYSTEM_ETHERNET_PS7_ETHERNET_0_MAC) [00:0a:35:00:1e:53] 
  Obtain IP address automatically (SUBSYSTEM_ETHERNET_PS7_ETHERNET_0_USE_DHCP) [Y/n/?] 
  *
  * Flash Settings
  *
  Primary Flash
  > 1. ps7_qspi_0 (SUBSYSTEM_FLASH_PS7_QSPI_0_BANKLESS_SELECT)
    2. manual (SUBSYSTEM_FLASH_MANUAL_SELECT)
  choice[1-2?]:   Advanced Flash Auto Configuration (SUBSYSTEM_FLASH__ADVANCED_AUTOCONFIG) [N/y/?] 
  *
  * partition 0
  *
  name (SUBSYSTEM_FLASH_PS7_QSPI_0_BANKLESS_PART0_NAME) [boot] 
  size (SUBSYSTEM_FLASH_PS7_QSPI_0_BANKLESS_PART0_SIZE) [0x500000] 
  *
  * partition 1
  *
  name (SUBSYSTEM_FLASH_PS7_QSPI_0_BANKLESS_PART1_NAME) [bootenv] 
  size (SUBSYSTEM_FLASH_PS7_QSPI_0_BANKLESS_PART1_SIZE) [0x20000] 
  *
  * partition 2
  *
  name (SUBSYSTEM_FLASH_PS7_QSPI_0_BANKLESS_PART2_NAME) [kernel] 
  size (SUBSYSTEM_FLASH_PS7_QSPI_0_BANKLESS_PART2_SIZE) [0xA80000] 
  *
  * partition 3
  *
  name (SUBSYSTEM_FLASH_PS7_QSPI_0_BANKLESS_PART3_NAME) [] 
  *
  * SD/SDIO Settings
  *
  Primary SD/SDIO
  > 1. ps7_sd_0 (SUBSYSTEM_PRIMARY_SD_PS7_SD_0_SELECT)
    2. manual (SUBSYSTEM_PRIMARY_SD_MANUAL_SELECT)
  choice[1-2?]:   *
  * RTC Settings
  *
  Primary RTC
  > 1. manual (SUBSYSTEM_RTC_MANUAL_SELECT)
  choice[1]: 1
  *
  * Advanced bootable images storage Settings
  *
  Advanced bootable images storage Settings (SUBSYSTEM_IMAGES_ADVANCED_AUTOCONFIG) [Y/n/?] 
    *
    * boot image settings
    *
    image storage media
      1. primary flash (SUBSYSTEM_IMAGES_ADVANCED_AUTOCONFIG_BOOT_MEDIA_FLASH_SELECT)
    > 2. primary sd (SUBSYSTEM_IMAGES_ADVANCED_AUTOCONFIG_BOOT_MEDIA_SD_SELECT)
      3. manual (SUBSYSTEM_IMAGES_ADVANCED_AUTOCONFIG_BOOT_MEDIA_MANUAL_SELECT)
    choice[1-3]:     image name (SUBSYSTEM_IMAGES_ADVANCED_AUTOCONFIG_BOOT_IMAGE_NAME) [BOOT.BIN] 
    *
    * u-boot env partition settings
    *
    image storage media
    > 1. primary flash (SUBSYSTEM_IMAGES_ADVANCED_AUTOCONFIG_BOOTENV_MEDIA_FLASH_SELECT)
      2. primary sd (SUBSYSTEM_IMAGES_ADVANCED_AUTOCONFIG_BOOTENV_MEDIA_SD_SELECT)
      3. manual (SUBSYSTEM_IMAGES_ADVANCED_AUTOCONFIG_BOOTENV_MEDIA_MANUAL_SELECT)
    choice[1-3]:     flash partition name (SUBSYSTEM_IMAGES_ADVANCED_AUTOCONFIG_BOOTENV_PART_NAME) [bootenv] 
    *
    * kernel image settings
    *
    image storage media
      1. primary flash (SUBSYSTEM_IMAGES_ADVANCED_AUTOCONFIG_KERNEL_MEDIA_FLASH_SELECT)
    > 2. primary sd (SUBSYSTEM_IMAGES_ADVANCED_AUTOCONFIG_KERNEL_MEDIA_SD_SELECT)
      3. ethernet (SUBSYSTEM_IMAGES_ADVANCED_AUTOCONFIG_KERNEL_MEDIA_ETHERNET_SELECT)
      4. manual (SUBSYSTEM_IMAGES_ADVANCED_AUTOCONFIG_KERNEL_MEDIA_MANUAL_SELECT)
    choice[1-4]:     image name (SUBSYSTEM_IMAGES_ADVANCED_AUTOCONFIG_KERNEL_IMAGE_NAME) [image.ub] 
    *
    * jffs2 rootfs image settings
    *
    image storage media
    > 1. primary flash (SUBSYSTEM_IMAGES_ADVANCED_AUTOCONFIG_JFFS2_MEDIA_FLASH_SELECT)
      2. manual (SUBSYSTEM_IMAGES_ADVANCED_AUTOCONFIG_JFFS2_MEDIA_MANUAL_SELECT)
    choice[1-2]:     flash partition name (SUBSYSTEM_IMAGES_ADVANCED_AUTOCONFIG_JFFS2_PART_NAME) [jffs2] 
    image name (SUBSYSTEM_IMAGES_ADVANCED_AUTOCONFIG_JFFS2_IMAGE_NAME) [rootfs.jffs2] 
    *
    * dtb image settings
    *
    image storage media
    > 1. from boot image (SUBSYSTEM_IMAGES_ADVANCED_AUTOCONFIG_DTB_MEDIA_BOOTIMAGE_SELECT)
      2. primary flash (SUBSYSTEM_IMAGES_ADVANCED_AUTOCONFIG_DTB_MEDIA_FLASH_SELECT)
      3. primary sd (SUBSYSTEM_IMAGES_ADVANCED_AUTOCONFIG_DTB_MEDIA_SD_SELECT)
      4. ethernet (SUBSYSTEM_IMAGES_ADVANCED_AUTOCONFIG_DTB_MEDIA_ETHERNET_SELECT)
      5. manual (SUBSYSTEM_IMAGES_ADVANCED_AUTOCONFIG_DTB_MEDIA_MANUAL_SELECT)
    choice[1-5]:     image name (SUBSYSTEM_IMAGES_ADVANCED_AUTOCONFIG_DTB_IMAGE_NAME) [system.dtb] 
*
* DTG Settings
*
MACHINE_NAME (SUBSYSTEM_MACHINE_NAME) [zedboard] 
*
* Kernel Bootargs
*
generate boot args automatically (SUBSYSTEM_BOOTARGS_AUTO) [Y/n] 
enable kernel earlyprintk (SUBSYSTEM_BOOTARGS_EARLYPRINTK) [Y/n/?] 
Auto generated bootargs (NO EDIT!) (SUBSYSTEM_BOOTARGS_GENERATED) [console=ttyPS0,115200 earlycon root=/dev/ram0 rw] 
Devicetree flags (SUBSYSTEM_DEVICETREE_FLAGS) [-@] 
Devicetree overlay (SUBSYSTEM_DTB_OVERLAY) [N/y/?] 
Remove PL from devicetree (SUBSYSTEM_REMOVE_PL_DTB) [N/y/?] 
*
* FSBL Configuration
*
FSBL BSP extra compiler flags (SUBSYSTEM_FSBL_BSPCOMPILER_FLAGS) [] 
FSBL compiler flags (SUBSYSTEM_FSBL_COMPILER_EXTRA_FLAGS) [] 
*
* FPGA Manager
*
Fpga Manager (SUBSYSTEM_FPGA_MANAGER) [N/y/?] 
*
* u-boot Configuration
*
U-boot config
  1. PetaLinux u-boot config (SUBSYSTEM_UBOOT_CONFIG_PETALINUX)
> 2. other (SUBSYSTEM_UBOOT_CONFIG_OTHER)
choice[1-2]: u-boot config target (SUBSYSTEM_UBOOT_CONFIG_TARGET) [] 
*
* Image Packaging Configuration
*
Root filesystem type
  1. INITRAMFS (SUBSYSTEM_ROOTFS_INITRAMFS)
> 2. INITRD (SUBSYSTEM_ROOTFS_INITRD)
  3. JFFS2 (SUBSYSTEM_ROOTFS_JFFS2)
  4. NFS (SUBSYSTEM_ROOTFS_NFS)
  5. EXT4 (SD/eMMC/SATA/USB) (SUBSYSTEM_ROOTFS_EXT4)
  6. other (SUBSYSTEM_ROOTFS_OTHER)
choice[1-6]: RAMDISK loadaddr (SUBSYSTEM_INITRD_RAMDISK_LOADADDR) [0x0] 
Location of ramdisk image (SUBSYSTEM_RAMDISK_IMAGE) [${PROOT}/images/${SUBSYSTEM}/rootfs.cpio.gz] 
name for bootable kernel image (SUBSYSTEM_UIMAGE_NAME) [image.ub] 
Root filesystem formats (SUBSYSTEM_RFS_FORMATS) [cpio cpio.gz cpio.gz.u-boot tar.gz jffs2] 
DTB padding size (SUBSYSTEM_DTB_PADDING_SIZE) [0x1000] 
Copy final images to tftpboot (SUBSYSTEM_COPY_TO_TFTPBOOT) [Y/n/?] 
  tftpboot directory (SUBSYSTEM_TFTPBOOT_DIR) [/tftpboot] 
*
* Firmware Version Configuration
*
Host name (SUBSYSTEM_HOSTNAME) [avnet-digilent-zedboard-2020_1] 
Product name (SUBSYSTEM_PRODUCT) [avnet-digilent-zedboard-2020.1] 
Firmware Version (SUBSYSTEM_FW_VERSION) [1.00] 
*
* Yocto Settings
*
YOCTO_MACHINE_NAME (YOCTO_MACHINE_NAME) [zedboard-zynq7] 
*
* TMPDIR Location
*
TMPDIR Location (TMP_DIR_LOCATION) [${PROOT}/build/tmp] 
*
* WORKSPACE Location
*
WORKSPACE Location (WORKSPACE_LOCATION) [${PROOT}/components/yocto/workspace] 
Build tool
> 1. bitbake (BUILDTOOL_BITBAKE)
  2. devtool (BUILDTOOL_DEVTOOL)
choice[1-2]: *
* Parallel thread execution
*
sets number of bb threads (BB_NUMBER_THREADS) (YOCTO_BB_NUMBER_THREADS) [] 
sets number of parallel make -j (PARALLEL_MAKE) (YOCTO_PARALLEL_MAKE) [] 
*
* Add pre-mirror url 
*
pre-mirror url path (PRE_MIRROR_URL) [http://petalinux.xilinx.com/sswreleases/rel-v${PETALINUX_VER%%.*}/downloads] 
*
* Local sstate feeds settings
*
local sstate feeds url (YOCTO_LOCAL_SSTATE_FEEDS_URL) [] 
Enable Network sstate feeds (YOCTO_NETWORK_SSTATE_FEEDS) [Y/n/?] 
  *
  * Network sstate feeds URL
  *
  network sstate feeds url (YOCTO_NETWORK_SSTATE_FEEDS_URL) [http://petalinux.xilinx.com/sswreleases/rel-v${PETALINUX_VER%%.*}/arm/sstate-cache] 
Enable BB NO NETWORK (YOCTO_BB_NO_NETWORK) [N/y/?] 
*
* User Layers
*
user layer 0 (USER_LAYER_0) [] 
#
# configuration written to /tmp/cpre488-mp3/avnet-digilent-zedboard-2020.1/project-spec/configs/config
#
[INFO] generating kconfig for Rootfs
[INFO] menuconfig rootfs
[INFO] generating plnxtool conf
[INFO] successfully configured rootfs
